Archive member included to satisfy reference by file (symbol)

/usr/lib/gcc/avr/5.4.0/avr51/libgcc.a(_exit.o)
                              /usr/lib/gcc/avr/5.4.0/../../../avr/lib/avr51/crtat90usb1286.o (exit)
/usr/lib/gcc/avr/5.4.0/avr51/libgcc.a(_copy_data.o)
                              obj/Controller.o (__do_copy_data)
/usr/lib/gcc/avr/5.4.0/avr51/libgcc.a(_clear_bss.o)
                              obj/Controller.o (__do_clear_bss)
/usr/lib/gcc/avr/5.4.0/../../../avr/lib/avr51/libat90usb1286.a(eerd_byte.o)
                              obj/EndpointStream_AVR8.o (eeprom_read_byte)
/usr/lib/gcc/avr/5.4.0/../../../avr/lib/avr51/libat90usb1286.a(eeupd_byte.o)
                              obj/EndpointStream_AVR8.o (eeprom_update_byte)

Allocating common symbols
Common symbol       size              file

last_report         0x8               obj/Controller.o
USB_IsInitialized   0x1               obj/USBTask.o
USB_DeviceState     0x1               obj/USBTask.o
USB_Device_ConfigurationNumber
                    0x1               obj/DeviceStandardReq.o
USB_Device_CurrentlySelfPowered
                    0x1               obj/DeviceStandardReq.o
USB_ControlRequest  0x8               obj/USBTask.o
USB_Device_RemoteWakeupEnabled
                    0x1               obj/DeviceStandardReq.o

Discarded input sections

 .data          0x0000000000000000        0x0 /usr/lib/gcc/avr/5.4.0/../../../avr/lib/avr51/crtat90usb1286.o
 .bss           0x0000000000000000        0x0 /usr/lib/gcc/avr/5.4.0/../../../avr/lib/avr51/crtat90usb1286.o
 .text          0x0000000000000000        0x0 obj/Controller.o
 .data          0x0000000000000000        0x0 obj/Controller.o
 .text          0x0000000000000000        0x0 obj/Descriptors.o
 .data          0x0000000000000000        0x0 obj/Descriptors.o
 .bss           0x0000000000000000        0x0 obj/Descriptors.o
 .text          0x0000000000000000        0x0 obj/HIDParser.o
 .data          0x0000000000000000        0x0 obj/HIDParser.o
 .bss           0x0000000000000000        0x0 obj/HIDParser.o
 .text.USB_ProcessHIDReport
                0x0000000000000000      0x6c6 obj/HIDParser.o
 .text.USB_GetHIDReportItemInfo
                0x0000000000000000       0xbc obj/HIDParser.o
 .text.USB_SetHIDReportItemInfo
                0x0000000000000000       0xc0 obj/HIDParser.o
 .text.USB_GetHIDReportSize
                0x0000000000000000       0x56 obj/HIDParser.o
 .debug_info    0x0000000000000000      0x739 obj/HIDParser.o
 .debug_abbrev  0x0000000000000000      0x21a obj/HIDParser.o
 .debug_loc     0x0000000000000000      0xabf obj/HIDParser.o
 .debug_aranges
                0x0000000000000000       0x38 obj/HIDParser.o
 .debug_ranges  0x0000000000000000       0xd0 obj/HIDParser.o
 .debug_line    0x0000000000000000      0x561 obj/HIDParser.o
 .debug_str     0x0000000000000000      0x6d5 obj/HIDParser.o
 .comment       0x0000000000000000       0x12 obj/HIDParser.o
 .debug_frame   0x0000000000000000      0x11c obj/HIDParser.o
 .text          0x0000000000000000        0x0 obj/Device_AVR8.o
 .data          0x0000000000000000        0x0 obj/Device_AVR8.o
 .bss           0x0000000000000000        0x0 obj/Device_AVR8.o
 .text.USB_Device_SendRemoteWakeup
                0x0000000000000000       0x2c obj/Device_AVR8.o
 .debug_info    0x0000000000000000       0xd2 obj/Device_AVR8.o
 .debug_abbrev  0x0000000000000000       0x80 obj/Device_AVR8.o
 .debug_aranges
                0x0000000000000000       0x20 obj/Device_AVR8.o
 .debug_ranges  0x0000000000000000       0x10 obj/Device_AVR8.o
 .debug_line    0x0000000000000000      0x106 obj/Device_AVR8.o
 .debug_str     0x0000000000000000      0x211 obj/Device_AVR8.o
 .comment       0x0000000000000000       0x12 obj/Device_AVR8.o
 .debug_frame   0x0000000000000000       0x24 obj/Device_AVR8.o
 .text          0x0000000000000000        0x0 obj/EndpointStream_AVR8.o
 .data          0x0000000000000000        0x0 obj/EndpointStream_AVR8.o
 .bss           0x0000000000000000        0x0 obj/EndpointStream_AVR8.o
 .text.Endpoint_Discard_Stream
                0x0000000000000000       0x82 obj/EndpointStream_AVR8.o
 .text.Endpoint_Null_Stream
                0x0000000000000000       0x82 obj/EndpointStream_AVR8.o
 .text.Endpoint_Write_Stream_BE
                0x0000000000000000       0xa4 obj/EndpointStream_AVR8.o
 .text.Endpoint_Read_Stream_BE
                0x0000000000000000       0xa4 obj/EndpointStream_AVR8.o
 .text.Endpoint_Write_PStream_LE
                0x0000000000000000       0x9e obj/EndpointStream_AVR8.o
 .text.Endpoint_Write_PStream_BE
                0x0000000000000000       0xa6 obj/EndpointStream_AVR8.o
 .text.Endpoint_Write_EStream_LE
                0x0000000000000000       0xa0 obj/EndpointStream_AVR8.o
 .text.Endpoint_Write_EStream_BE
                0x0000000000000000       0xa8 obj/EndpointStream_AVR8.o
 .text.Endpoint_Read_EStream_LE
                0x0000000000000000       0xa0 obj/EndpointStream_AVR8.o
 .text.Endpoint_Read_EStream_BE
                0x0000000000000000       0xa8 obj/EndpointStream_AVR8.o
 .text.Endpoint_Write_Control_Stream_BE
                0x0000000000000000       0xcc obj/EndpointStream_AVR8.o
 .text.Endpoint_Read_Control_Stream_LE
                0x0000000000000000       0x7c obj/EndpointStream_AVR8.o
 .text.Endpoint_Read_Control_Stream_BE
                0x0000000000000000       0x7e obj/EndpointStream_AVR8.o
 .text.Endpoint_Write_Control_PStream_BE
                0x0000000000000000       0xca obj/EndpointStream_AVR8.o
 .text.Endpoint_Write_Control_EStream_LE
                0x0000000000000000       0xea obj/EndpointStream_AVR8.o
 .text.Endpoint_Write_Control_EStream_BE
                0x0000000000000000      0x100 obj/EndpointStream_AVR8.o
 .text.Endpoint_Read_Control_EStream_LE
                0x0000000000000000       0x90 obj/EndpointStream_AVR8.o
 .text.Endpoint_Read_Control_EStream_BE
                0x0000000000000000       0x8e obj/EndpointStream_AVR8.o
 .text          0x0000000000000000        0x0 obj/Endpoint_AVR8.o
 .data          0x0000000000000000        0x0 obj/Endpoint_AVR8.o
 .bss           0x0000000000000000        0x0 obj/Endpoint_AVR8.o
 .text.Endpoint_ConfigureEndpointTable
                0x0000000000000000       0x7c obj/Endpoint_AVR8.o
 .text.Endpoint_ClearEndpoints
                0x0000000000000000       0x28 obj/Endpoint_AVR8.o
 .text          0x0000000000000000        0x0 obj/Host_AVR8.o
 .data          0x0000000000000000        0x0 obj/Host_AVR8.o
 .bss           0x0000000000000000        0x0 obj/Host_AVR8.o
 .debug_info    0x0000000000000000       0x56 obj/Host_AVR8.o
 .debug_abbrev  0x0000000000000000       0x26 obj/Host_AVR8.o
 .debug_aranges
                0x0000000000000000       0x18 obj/Host_AVR8.o
 .debug_line    0x0000000000000000       0x1a obj/Host_AVR8.o
 .debug_str     0x0000000000000000      0x1b0 obj/Host_AVR8.o
 .comment       0x0000000000000000       0x12 obj/Host_AVR8.o
 .text          0x0000000000000000        0x0 obj/PipeStream_AVR8.o
 .data          0x0000000000000000        0x0 obj/PipeStream_AVR8.o
 .bss           0x0000000000000000        0x0 obj/PipeStream_AVR8.o
 .debug_info    0x0000000000000000       0x56 obj/PipeStream_AVR8.o
 .debug_abbrev  0x0000000000000000       0x26 obj/PipeStream_AVR8.o
 .debug_aranges
                0x0000000000000000       0x18 obj/PipeStream_AVR8.o
 .debug_line    0x0000000000000000       0x1a obj/PipeStream_AVR8.o
 .debug_str     0x0000000000000000      0x1b6 obj/PipeStream_AVR8.o
 .comment       0x0000000000000000       0x12 obj/PipeStream_AVR8.o
 .text          0x0000000000000000        0x0 obj/Pipe_AVR8.o
 .data          0x0000000000000000        0x0 obj/Pipe_AVR8.o
 .bss           0x0000000000000000        0x0 obj/Pipe_AVR8.o
 .debug_info    0x0000000000000000       0x56 obj/Pipe_AVR8.o
 .debug_abbrev  0x0000000000000000       0x26 obj/Pipe_AVR8.o
 .debug_aranges
                0x0000000000000000       0x18 obj/Pipe_AVR8.o
 .debug_line    0x0000000000000000       0x1a obj/Pipe_AVR8.o
 .debug_str     0x0000000000000000      0x1b0 obj/Pipe_AVR8.o
 .comment       0x0000000000000000       0x12 obj/Pipe_AVR8.o
 .text          0x0000000000000000        0x0 obj/USBController_AVR8.o
 .data          0x0000000000000000        0x0 obj/USBController_AVR8.o
 .bss           0x0000000000000000        0x0 obj/USBController_AVR8.o
 .text.USB_Disable
                0x0000000000000000       0x34 obj/USBController_AVR8.o
 .text          0x0000000000000000        0x0 obj/USBInterrupt_AVR8.o
 .data          0x0000000000000000        0x0 obj/USBInterrupt_AVR8.o
 .bss           0x0000000000000000        0x0 obj/USBInterrupt_AVR8.o
 .text          0x0000000000000000        0x0 obj/ConfigDescriptors.o
 .data          0x0000000000000000        0x0 obj/ConfigDescriptors.o
 .bss           0x0000000000000000        0x0 obj/ConfigDescriptors.o
 .text.USB_GetNextDescriptor
                0x0000000000000000       0x3c obj/ConfigDescriptors.o
 .text.USB_GetNextDescriptorOfType
                0x0000000000000000       0x38 obj/ConfigDescriptors.o
 .text.USB_GetNextDescriptorOfTypeBefore
                0x0000000000000000       0x46 obj/ConfigDescriptors.o
 .text.USB_GetNextDescriptorOfTypeAfter
                0x0000000000000000       0x3e obj/ConfigDescriptors.o
 .text.USB_GetNextDescriptorComp
                0x0000000000000000       0x66 obj/ConfigDescriptors.o
 .debug_info    0x0000000000000000      0x3d5 obj/ConfigDescriptors.o
 .debug_abbrev  0x0000000000000000      0x185 obj/ConfigDescriptors.o
 .debug_loc     0x0000000000000000      0x59f obj/ConfigDescriptors.o
 .debug_aranges
                0x0000000000000000       0x40 obj/ConfigDescriptors.o
 .debug_ranges  0x0000000000000000       0x30 obj/ConfigDescriptors.o
 .debug_line    0x0000000000000000      0x1d0 obj/ConfigDescriptors.o
 .debug_str     0x0000000000000000      0x3f9 obj/ConfigDescriptors.o
 .comment       0x0000000000000000       0x12 obj/ConfigDescriptors.o
 .debug_frame   0x0000000000000000       0xfc obj/ConfigDescriptors.o
 .text          0x0000000000000000        0x0 obj/DeviceStandardReq.o
 .data          0x0000000000000000        0x0 obj/DeviceStandardReq.o
 .bss           0x0000000000000000        0x0 obj/DeviceStandardReq.o
 .text          0x0000000000000000        0x0 obj/Events.o
 .data          0x0000000000000000        0x0 obj/Events.o
 .bss           0x0000000000000000        0x0 obj/Events.o
 .text          0x0000000000000000        0x0 obj/HostStandardReq.o
 .data          0x0000000000000000        0x0 obj/HostStandardReq.o
 .bss           0x0000000000000000        0x0 obj/HostStandardReq.o
 .debug_info    0x0000000000000000       0x56 obj/HostStandardReq.o
 .debug_abbrev  0x0000000000000000       0x26 obj/HostStandardReq.o
 .debug_aranges
                0x0000000000000000       0x18 obj/HostStandardReq.o
 .debug_line    0x0000000000000000       0x1a obj/HostStandardReq.o
 .debug_str     0x0000000000000000      0x1b1 obj/HostStandardReq.o
 .comment       0x0000000000000000       0x12 obj/HostStandardReq.o
 .text          0x0000000000000000        0x0 obj/USBTask.o
 .data          0x0000000000000000        0x0 obj/USBTask.o
 .bss           0x0000000000000000        0x0 obj/USBTask.o
 .text          0x0000000000000000        0x0 /usr/lib/gcc/avr/5.4.0/avr51/libgcc.a(_exit.o)
 .data          0x0000000000000000        0x0 /usr/lib/gcc/avr/5.4.0/avr51/libgcc.a(_exit.o)
 .bss           0x0000000000000000        0x0 /usr/lib/gcc/avr/5.4.0/avr51/libgcc.a(_exit.o)
 .text.libgcc.mul
                0x0000000000000000        0x0 /usr/lib/gcc/avr/5.4.0/avr51/libgcc.a(_exit.o)
 .text.libgcc.div
                0x0000000000000000        0x0 /usr/lib/gcc/avr/5.4.0/avr51/libgcc.a(_exit.o)
 .text.libgcc   0x0000000000000000        0x0 /usr/lib/gcc/avr/5.4.0/avr51/libgcc.a(_exit.o)
 .text.libgcc.prologue
                0x0000000000000000        0x0 /usr/lib/gcc/avr/5.4.0/avr51/libgcc.a(_exit.o)
 .text.libgcc.builtins
                0x0000000000000000        0x0 /usr/lib/gcc/avr/5.4.0/avr51/libgcc.a(_exit.o)
 .text.libgcc.fmul
                0x0000000000000000        0x0 /usr/lib/gcc/avr/5.4.0/avr51/libgcc.a(_exit.o)
 .text.libgcc.fixed
                0x0000000000000000        0x0 /usr/lib/gcc/avr/5.4.0/avr51/libgcc.a(_exit.o)
 .text          0x0000000000000000        0x0 /usr/lib/gcc/avr/5.4.0/avr51/libgcc.a(_copy_data.o)
 .data          0x0000000000000000        0x0 /usr/lib/gcc/avr/5.4.0/avr51/libgcc.a(_copy_data.o)
 .bss           0x0000000000000000        0x0 /usr/lib/gcc/avr/5.4.0/avr51/libgcc.a(_copy_data.o)
 .text.libgcc.mul
                0x0000000000000000        0x0 /usr/lib/gcc/avr/5.4.0/avr51/libgcc.a(_copy_data.o)
 .text.libgcc.div
                0x0000000000000000        0x0 /usr/lib/gcc/avr/5.4.0/avr51/libgcc.a(_copy_data.o)
 .text.libgcc   0x0000000000000000        0x0 /usr/lib/gcc/avr/5.4.0/avr51/libgcc.a(_copy_data.o)
 .text.libgcc.prologue
                0x0000000000000000        0x0 /usr/lib/gcc/avr/5.4.0/avr51/libgcc.a(_copy_data.o)
 .text.libgcc.builtins
                0x0000000000000000        0x0 /usr/lib/gcc/avr/5.4.0/avr51/libgcc.a(_copy_data.o)
 .text.libgcc.fmul
                0x0000000000000000        0x0 /usr/lib/gcc/avr/5.4.0/avr51/libgcc.a(_copy_data.o)
 .text.libgcc.fixed
                0x0000000000000000        0x0 /usr/lib/gcc/avr/5.4.0/avr51/libgcc.a(_copy_data.o)
 .text          0x0000000000000000        0x0 /usr/lib/gcc/avr/5.4.0/avr51/libgcc.a(_clear_bss.o)
 .data          0x0000000000000000        0x0 /usr/lib/gcc/avr/5.4.0/avr51/libgcc.a(_clear_bss.o)
 .bss           0x0000000000000000        0x0 /usr/lib/gcc/avr/5.4.0/avr51/libgcc.a(_clear_bss.o)
 .text.libgcc.mul
                0x0000000000000000        0x0 /usr/lib/gcc/avr/5.4.0/avr51/libgcc.a(_clear_bss.o)
 .text.libgcc.div
                0x0000000000000000        0x0 /usr/lib/gcc/avr/5.4.0/avr51/libgcc.a(_clear_bss.o)
 .text.libgcc   0x0000000000000000        0x0 /usr/lib/gcc/avr/5.4.0/avr51/libgcc.a(_clear_bss.o)
 .text.libgcc.prologue
                0x0000000000000000        0x0 /usr/lib/gcc/avr/5.4.0/avr51/libgcc.a(_clear_bss.o)
 .text.libgcc.builtins
                0x0000000000000000        0x0 /usr/lib/gcc/avr/5.4.0/avr51/libgcc.a(_clear_bss.o)
 .text.libgcc.fmul
                0x0000000000000000        0x0 /usr/lib/gcc/avr/5.4.0/avr51/libgcc.a(_clear_bss.o)
 .text.libgcc.fixed
                0x0000000000000000        0x0 /usr/lib/gcc/avr/5.4.0/avr51/libgcc.a(_clear_bss.o)
 .text          0x0000000000000000        0x0 /usr/lib/gcc/avr/5.4.0/../../../avr/lib/avr51/libat90usb1286.a(eerd_byte.o)
 .data          0x0000000000000000        0x0 /usr/lib/gcc/avr/5.4.0/../../../avr/lib/avr51/libat90usb1286.a(eerd_byte.o)
 .bss           0x0000000000000000        0x0 /usr/lib/gcc/avr/5.4.0/../../../avr/lib/avr51/libat90usb1286.a(eerd_byte.o)
 .text.avr-libc
                0x0000000000000000       0x10 /usr/lib/gcc/avr/5.4.0/../../../avr/lib/avr51/libat90usb1286.a(eerd_byte.o)
 .text          0x0000000000000000        0x0 /usr/lib/gcc/avr/5.4.0/../../../avr/lib/avr51/libat90usb1286.a(eeupd_byte.o)
 .data          0x0000000000000000        0x0 /usr/lib/gcc/avr/5.4.0/../../../avr/lib/avr51/libat90usb1286.a(eeupd_byte.o)
 .bss           0x0000000000000000        0x0 /usr/lib/gcc/avr/5.4.0/../../../avr/lib/avr51/libat90usb1286.a(eeupd_byte.o)
 .text.avr-libc
                0x0000000000000000       0x24 /usr/lib/gcc/avr/5.4.0/../../../avr/lib/avr51/libat90usb1286.a(eeupd_byte.o)

Memory Configuration

Name             Origin             Length             Attributes
text             0x0000000000000000 0x0000000000020000 xr
data             0x0000000000800100 0x000000000000ff00 rw !x
eeprom           0x0000000000810000 0x0000000000010000 rw !x
fuse             0x0000000000820000 0x0000000000000003 rw !x
lock             0x0000000000830000 0x0000000000000400 rw !x
signature        0x0000000000840000 0x0000000000000400 rw !x
user_signatures  0x0000000000850000 0x0000000000000400 rw !x
*default*        0x0000000000000000 0xffffffffffffffff

Linker script and memory map

Address of section .data set to 0x800100
LOAD /usr/lib/gcc/avr/5.4.0/../../../avr/lib/avr51/crtat90usb1286.o
LOAD obj/Controller.o
LOAD obj/Descriptors.o
LOAD obj/HIDParser.o
LOAD obj/Device_AVR8.o
LOAD obj/EndpointStream_AVR8.o
LOAD obj/Endpoint_AVR8.o
LOAD obj/Host_AVR8.o
LOAD obj/PipeStream_AVR8.o
LOAD obj/Pipe_AVR8.o
LOAD obj/USBController_AVR8.o
LOAD obj/USBInterrupt_AVR8.o
LOAD obj/ConfigDescriptors.o
LOAD obj/DeviceStandardReq.o
LOAD obj/Events.o
LOAD obj/HostStandardReq.o
LOAD obj/USBTask.o
LOAD /usr/lib/gcc/avr/5.4.0/../../../avr/lib/avr51/libm.a
START GROUP
LOAD /usr/lib/gcc/avr/5.4.0/avr51/libgcc.a
LOAD /usr/lib/gcc/avr/5.4.0/../../../avr/lib/avr51/libm.a
LOAD /usr/lib/gcc/avr/5.4.0/../../../avr/lib/avr51/libc.a
LOAD /usr/lib/gcc/avr/5.4.0/../../../avr/lib/avr51/libat90usb1286.a
END GROUP
                0x0000000000020000                __TEXT_REGION_LENGTH__ = DEFINED (__TEXT_REGION_LENGTH__)?__TEXT_REGION_LENGTH__:0x20000
                0x000000000000ff00                __DATA_REGION_LENGTH__ = DEFINED (__DATA_REGION_LENGTH__)?__DATA_REGION_LENGTH__:0xff00
                0x0000000000010000                __EEPROM_REGION_LENGTH__ = DEFINED (__EEPROM_REGION_LENGTH__)?__EEPROM_REGION_LENGTH__:0x10000
                [0x0000000000000003]                __FUSE_REGION_LENGTH__ = DEFINED (__FUSE_REGION_LENGTH__)?__FUSE_REGION_LENGTH__:0x400
                0x0000000000000400                __LOCK_REGION_LENGTH__ = DEFINED (__LOCK_REGION_LENGTH__)?__LOCK_REGION_LENGTH__:0x400
                0x0000000000000400                __SIGNATURE_REGION_LENGTH__ = DEFINED (__SIGNATURE_REGION_LENGTH__)?__SIGNATURE_REGION_LENGTH__:0x400
                0x0000000000000400                __USER_SIGNATURE_REGION_LENGTH__ = DEFINED (__USER_SIGNATURE_REGION_LENGTH__)?__USER_SIGNATURE_REGION_LENGTH__:0x400

.hash
 *(.hash)

.dynsym
 *(.dynsym)

.dynstr
 *(.dynstr)

.gnu.version
 *(.gnu.version)

.gnu.version_d
 *(.gnu.version_d)

.gnu.version_r
 *(.gnu.version_r)

.rel.init
 *(.rel.init)

.rela.init
 *(.rela.init)

.rel.text
 *(.rel.text)
 *(.rel.text.*)
 *(.rel.gnu.linkonce.t*)

.rela.text
 *(.rela.text)
 *(.rela.text.*)
 *(.rela.gnu.linkonce.t*)

.rel.fini
 *(.rel.fini)

.rela.fini
 *(.rela.fini)

.rel.rodata
 *(.rel.rodata)
 *(.rel.rodata.*)
 *(.rel.gnu.linkonce.r*)

.rela.rodata
 *(.rela.rodata)
 *(.rela.rodata.*)
 *(.rela.gnu.linkonce.r*)

.rel.data
 *(.rel.data)
 *(.rel.data.*)
 *(.rel.gnu.linkonce.d*)

.rela.data
 *(.rela.data)
 *(.rela.data.*)
 *(.rela.gnu.linkonce.d*)

.rel.ctors
 *(.rel.ctors)

.rela.ctors
 *(.rela.ctors)

.rel.dtors
 *(.rel.dtors)

.rela.dtors
 *(.rela.dtors)

.rel.got
 *(.rel.got)

.rela.got
 *(.rela.got)

.rel.bss
 *(.rel.bss)

.rela.bss
 *(.rela.bss)

.rel.plt
 *(.rel.plt)

.rela.plt
 *(.rela.plt)

.text           0x0000000000000000      0xede
 *(.vectors)
 .vectors       0x0000000000000000       0x98 /usr/lib/gcc/avr/5.4.0/../../../avr/lib/avr51/crtat90usb1286.o
                0x0000000000000000                __vectors
                0x0000000000000000                __vector_default
 *(.vectors)
 *(.progmem.gcc*)
                0x0000000000000098                . = ALIGN (0x2)
                0x0000000000000098                __trampolines_start = .
 *(.trampolines)
 .trampolines   0x0000000000000098        0x0 linker stubs
 *(.trampolines*)
                0x0000000000000098                __trampolines_end = .
 *libprintf_flt.a:*(.progmem.data)
 *libc.a:*(.progmem.data)
 *(.progmem*)
 .progmem.data  0x0000000000000098       0xd9 obj/Descriptors.o
                0x0000000000000098                ProductString
                0x00000000000000be                ManufacturerString
                0x00000000000000dc                LanguageString
                0x00000000000000e0                ConfigurationDescriptor
                0x0000000000000109                DeviceDescriptor
                0x000000000000011b                JoystickReport
                0x0000000000000172                . = ALIGN (0x2)
 *fill*         0x0000000000000171        0x1 
 *(.jumptables)
 *(.jumptables*)
 *(.lowtext)
 *(.lowtext*)
                0x0000000000000172                __ctors_start = .
 *(.ctors)
                0x0000000000000172                __ctors_end = .
                0x0000000000000172                __dtors_start = .
 *(.dtors)
                0x0000000000000172                __dtors_end = .
 SORT(*)(.ctors)
 SORT(*)(.dtors)
 *(.init0)
 .init0         0x0000000000000172        0x0 /usr/lib/gcc/avr/5.4.0/../../../avr/lib/avr51/crtat90usb1286.o
                0x0000000000000172                __init
 *(.init0)
 *(.init1)
 *(.init1)
 *(.init2)
 .init2         0x0000000000000172        0xc /usr/lib/gcc/avr/5.4.0/../../../avr/lib/avr51/crtat90usb1286.o
 *(.init2)
 *(.init3)
 *(.init3)
 *(.init4)
 .init4         0x000000000000017e       0x1a /usr/lib/gcc/avr/5.4.0/avr51/libgcc.a(_copy_data.o)
                0x000000000000017e                __do_copy_data
 .init4         0x0000000000000198       0x10 /usr/lib/gcc/avr/5.4.0/avr51/libgcc.a(_clear_bss.o)
                0x0000000000000198                __do_clear_bss
 *(.init4)
 *(.init5)
 *(.init5)
 *(.init6)
 *(.init6)
 *(.init7)
 *(.init7)
 *(.init8)
 *(.init8)
 *(.init9)
 .init9         0x00000000000001a8        0x4 /usr/lib/gcc/avr/5.4.0/../../../avr/lib/avr51/crtat90usb1286.o
 *(.init9)
 *(.text)
 .text          0x00000000000001ac        0x2 /usr/lib/gcc/avr/5.4.0/../../../avr/lib/avr51/crtat90usb1286.o
                0x00000000000001ac                __vector_22
                0x00000000000001ac                __vector_28
                0x00000000000001ac                __vector_1
                0x00000000000001ac                __vector_32
                0x00000000000001ac                __vector_34
                0x00000000000001ac                __vector_24
                0x00000000000001ac                __vector_12
                0x00000000000001ac                __bad_interrupt
                0x00000000000001ac                __vector_6
                0x00000000000001ac                __vector_31
                0x00000000000001ac                __vector_35
                0x00000000000001ac                __vector_3
                0x00000000000001ac                __vector_23
                0x00000000000001ac                __vector_30
                0x00000000000001ac                __vector_25
                0x00000000000001ac                __vector_11
                0x00000000000001ac                __vector_13
                0x00000000000001ac                __vector_17
                0x00000000000001ac                __vector_19
                0x00000000000001ac                __vector_7
                0x00000000000001ac                __vector_27
                0x00000000000001ac                __vector_5
                0x00000000000001ac                __vector_33
                0x00000000000001ac                __vector_37
                0x00000000000001ac                __vector_4
                0x00000000000001ac                __vector_9
                0x00000000000001ac                __vector_2
                0x00000000000001ac                __vector_21
                0x00000000000001ac                __vector_15
                0x00000000000001ac                __vector_36
                0x00000000000001ac                __vector_29
                0x00000000000001ac                __vector_8
                0x00000000000001ac                __vector_26
                0x00000000000001ac                __vector_14
                0x00000000000001ac                __vector_16
                0x00000000000001ac                __vector_18
                0x00000000000001ac                __vector_20
                0x00000000000001ae                . = ALIGN (0x2)
 *(.text.*)
 .text.SetupHardware
                0x00000000000001ae       0x30 obj/Controller.o
                0x00000000000001ae                SetupHardware
 .text.EVENT_USB_Device_Connect
                0x00000000000001de        0x2 obj/Controller.o
                0x00000000000001de                EVENT_USB_Device_Connect
 .text.EVENT_USB_Device_Disconnect
                0x00000000000001e0        0x2 obj/Controller.o
                0x00000000000001e0                EVENT_USB_Device_Disconnect
 .text.EVENT_USB_Device_ConfigurationChanged
                0x00000000000001e2       0x10 obj/Controller.o
                0x00000000000001e2                EVENT_USB_Device_ConfigurationChanged
 .text.EVENT_USB_Device_ControlRequest
                0x00000000000001f2        0x2 obj/Controller.o
                0x00000000000001f2                EVENT_USB_Device_ControlRequest
 .text.GetNextReport
                0x00000000000001f4      0x2ce obj/Controller.o
                0x00000000000001f4                GetNextReport
 .text.HID_Task
                0x00000000000004c2       0x90 obj/Controller.o
                0x00000000000004c2                HID_Task
 .text.startup.main
                0x0000000000000552        0xa obj/Controller.o
                0x0000000000000552                main
 .text.CALLBACK_USB_GetDescriptor
                0x000000000000055c       0x82 obj/Descriptors.o
                0x000000000000055c                CALLBACK_USB_GetDescriptor
 .text.Endpoint_Write_Stream_LE
                0x00000000000005de       0x94 obj/EndpointStream_AVR8.o
                0x00000000000005de                Endpoint_Write_Stream_LE
 .text.Endpoint_Read_Stream_LE
                0x0000000000000672       0x94 obj/EndpointStream_AVR8.o
                0x0000000000000672                Endpoint_Read_Stream_LE
 .text.Endpoint_Write_Control_Stream_LE
                0x0000000000000706       0xba obj/EndpointStream_AVR8.o
                0x0000000000000706                Endpoint_Write_Control_Stream_LE
 .text.Endpoint_Write_Control_PStream_LE
                0x00000000000007c0       0xc0 obj/EndpointStream_AVR8.o
                0x00000000000007c0                Endpoint_Write_Control_PStream_LE
 .text.Endpoint_ConfigureEndpoint_Prv
                0x0000000000000880       0x6a obj/Endpoint_AVR8.o
                0x0000000000000880                Endpoint_ConfigureEndpoint_Prv
 .text.Endpoint_ClearStatusStage
                0x00000000000008ea       0x3e obj/Endpoint_AVR8.o
                0x00000000000008ea                Endpoint_ClearStatusStage
 .text.Endpoint_WaitUntilReady
                0x0000000000000928       0x66 obj/Endpoint_AVR8.o
                0x0000000000000928                Endpoint_WaitUntilReady
 .text.USB_ResetInterface
                0x000000000000098e       0x8a obj/USBController_AVR8.o
                0x000000000000098e                USB_ResetInterface
 .text.USB_Init
                0x0000000000000a18       0x1c obj/USBController_AVR8.o
                0x0000000000000a18                USB_Init
 .text.USB_INT_DisableAllInterrupts
                0x0000000000000a34       0x10 obj/USBInterrupt_AVR8.o
                0x0000000000000a34                USB_INT_DisableAllInterrupts
 .text.USB_INT_ClearAllInterrupts
                0x0000000000000a44        0xa obj/USBInterrupt_AVR8.o
                0x0000000000000a44                USB_INT_ClearAllInterrupts
 .text.__vector_10
                0x0000000000000a4e      0x194 obj/USBInterrupt_AVR8.o
                0x0000000000000a4e                __vector_10
 .text.USB_Device_ProcessControlRequest
                0x0000000000000be2      0x2c2 obj/DeviceStandardReq.o
                0x0000000000000be2                USB_Device_ProcessControlRequest
 .text.USB_Event_Stub
                0x0000000000000ea4        0x2 obj/Events.o
                0x0000000000000ea4                EVENT_USB_Device_WakeUp
                0x0000000000000ea4                USB_Event_Stub
                0x0000000000000ea4                EVENT_USB_Device_Suspend
                0x0000000000000ea4                EVENT_USB_Device_StartOfFrame
                0x0000000000000ea4                EVENT_USB_Device_Reset
 .text.USB_USBTask
                0x0000000000000ea6       0x34 obj/USBTask.o
                0x0000000000000ea6                USB_USBTask
                0x0000000000000eda                . = ALIGN (0x2)
 *(.fini9)
 .fini9         0x0000000000000eda        0x0 /usr/lib/gcc/avr/5.4.0/avr51/libgcc.a(_exit.o)
                0x0000000000000eda                exit
                0x0000000000000eda                _exit
 *(.fini9)
 *(.fini8)
 *(.fini8)
 *(.fini7)
 *(.fini7)
 *(.fini6)
 *(.fini6)
 *(.fini5)
 *(.fini5)
 *(.fini4)
 *(.fini4)
 *(.fini3)
 *(.fini3)
 *(.fini2)
 *(.fini2)
 *(.fini1)
 *(.fini1)
 *(.fini0)
 .fini0         0x0000000000000eda        0x4 /usr/lib/gcc/avr/5.4.0/avr51/libgcc.a(_exit.o)
 *(.fini0)
                0x0000000000000ede                _etext = .

.data           0x0000000000800100       0x96 load address 0x0000000000000ede
                0x0000000000800100                PROVIDE (__data_start, .)
 *(.data)
 *(.data*)
 *(.rodata)
 .rodata        0x0000000000800100       0x96 obj/Controller.o
 *(.rodata*)
 *(.gnu.linkonce.d*)
                0x0000000000800196                . = ALIGN (0x2)
                0x0000000000800196                _edata = .
                0x0000000000800196                PROVIDE (__data_end, .)

.bss            0x0000000000800196       0x24
                0x0000000000800196                PROVIDE (__bss_start, .)
 *(.bss)
 .bss           0x0000000000800196        0xf obj/Controller.o
                0x0000000000800196                portsval
                0x0000000000800198                duration_count
                0x000000000080019a                bufindex
                0x000000000080019c                ypos
                0x000000000080019e                xpos
                0x00000000008001a0                report_count
                0x00000000008001a2                echoes
                0x00000000008001a4                state
 *(.bss*)
 *(COMMON)
 COMMON         0x00000000008001a5        0x8 obj/Controller.o
                0x00000000008001a5                last_report
 COMMON         0x00000000008001ad        0x3 obj/DeviceStandardReq.o
                0x00000000008001ad                USB_Device_ConfigurationNumber
                0x00000000008001ae                USB_Device_CurrentlySelfPowered
                0x00000000008001af                USB_Device_RemoteWakeupEnabled
 COMMON         0x00000000008001b0        0xa obj/USBTask.o
                0x00000000008001b0                USB_IsInitialized
                0x00000000008001b1                USB_DeviceState
                0x00000000008001b2                USB_ControlRequest
                0x00000000008001ba                PROVIDE (__bss_end, .)
                0x0000000000000ede                __data_load_start = LOADADDR (.data)
                0x0000000000000f74                __data_load_end = (__data_load_start + SIZEOF (.data))

.noinit         0x00000000008001ba        0x0
                [!provide]                        PROVIDE (__noinit_start, .)
 *(.noinit*)
                [!provide]                        PROVIDE (__noinit_end, .)
                0x00000000008001ba                _end = .
                [!provide]                        PROVIDE (__heap_start, .)

.eeprom         0x0000000000810000        0x0
 *(.eeprom*)
                0x0000000000810000                __eeprom_end = .

.fuse
 *(.fuse)
 *(.lfuse)
 *(.hfuse)
 *(.efuse)

.lock
 *(.lock*)

.signature
 *(.signature*)

.user_signatures
 *(.user_signatures*)

.stab
 *(.stab)

.stabstr
 *(.stabstr)

.stab.excl
 *(.stab.excl)

.stab.exclstr
 *(.stab.exclstr)

.stab.index
 *(.stab.index)

.stab.indexstr
 *(.stab.indexstr)

.comment        0x0000000000000000       0x11
 *(.comment)
 .comment       0x0000000000000000       0x11 obj/Controller.o
                                         0x12 (size before relaxing)
 .comment       0x0000000000000011       0x12 obj/Descriptors.o
 .comment       0x0000000000000011       0x12 obj/EndpointStream_AVR8.o
 .comment       0x0000000000000011       0x12 obj/Endpoint_AVR8.o
 .comment       0x0000000000000011       0x12 obj/USBController_AVR8.o
 .comment       0x0000000000000011       0x12 obj/USBInterrupt_AVR8.o
 .comment       0x0000000000000011       0x12 obj/DeviceStandardReq.o
 .comment       0x0000000000000011       0x12 obj/Events.o
 .comment       0x0000000000000011       0x12 obj/USBTask.o

.note.gnu.avr.deviceinfo
                0x0000000000000000       0x40
 .note.gnu.avr.deviceinfo
                0x0000000000000000       0x40 /usr/lib/gcc/avr/5.4.0/../../../avr/lib/avr51/crtat90usb1286.o

.note.gnu.build-id
 *(.note.gnu.build-id)

.debug
 *(.debug)

.line
 *(.line)

.debug_srcinfo
 *(.debug_srcinfo)

.debug_sfnames
 *(.debug_sfnames)

.debug_aranges  0x0000000000000000      0x230
 *(.debug_aranges)
 .debug_aranges
                0x0000000000000000       0x48 obj/Controller.o
 .debug_aranges
                0x0000000000000048       0x20 obj/Descriptors.o
 .debug_aranges
                0x0000000000000068       0xc8 obj/EndpointStream_AVR8.o
 .debug_aranges
                0x0000000000000130       0x40 obj/Endpoint_AVR8.o
 .debug_aranges
                0x0000000000000170       0x30 obj/USBController_AVR8.o
 .debug_aranges
                0x00000000000001a0       0x30 obj/USBInterrupt_AVR8.o
 .debug_aranges
                0x00000000000001d0       0x20 obj/DeviceStandardReq.o
 .debug_aranges
                0x00000000000001f0       0x20 obj/Events.o
 .debug_aranges
                0x0000000000000210       0x20 obj/USBTask.o

.debug_pubnames
 *(.debug_pubnames)

.debug_info     0x0000000000000000     0x50a0
 *(.debug_info .gnu.linkonce.wi.*)
 .debug_info    0x0000000000000000      0x995 /usr/lib/gcc/avr/5.4.0/../../../avr/lib/avr51/crtat90usb1286.o
 .debug_info    0x0000000000000995      0x908 obj/Controller.o
 .debug_info    0x000000000000129d      0x70e obj/Descriptors.o
 .debug_info    0x00000000000019ab     0x182f obj/EndpointStream_AVR8.o
 .debug_info    0x00000000000031da      0x620 obj/Endpoint_AVR8.o
 .debug_info    0x00000000000037fa      0x4e8 obj/USBController_AVR8.o
 .debug_info    0x0000000000003ce2      0x688 obj/USBInterrupt_AVR8.o
 .debug_info    0x000000000000436a      0xa4c obj/DeviceStandardReq.o
 .debug_info    0x0000000000004db6       0x78 obj/Events.o
 .debug_info    0x0000000000004e2e      0x272 obj/USBTask.o

.debug_abbrev   0x0000000000000000     0x1943
 *(.debug_abbrev)
 .debug_abbrev  0x0000000000000000      0x910 /usr/lib/gcc/avr/5.4.0/../../../avr/lib/avr51/crtat90usb1286.o
 .debug_abbrev  0x0000000000000910      0x320 obj/Controller.o
 .debug_abbrev  0x0000000000000c30      0x173 obj/Descriptors.o
 .debug_abbrev  0x0000000000000da3      0x1ea obj/EndpointStream_AVR8.o
 .debug_abbrev  0x0000000000000f8d      0x226 obj/Endpoint_AVR8.o
 .debug_abbrev  0x00000000000011b3      0x191 obj/USBController_AVR8.o
 .debug_abbrev  0x0000000000001344      0x1b4 obj/USBInterrupt_AVR8.o
 .debug_abbrev  0x00000000000014f8      0x29c obj/DeviceStandardReq.o
 .debug_abbrev  0x0000000000001794       0x44 obj/Events.o
 .debug_abbrev  0x00000000000017d8      0x16b obj/USBTask.o

.debug_line     0x0000000000000000     0x2c4b
 *(.debug_line .debug_line.* .debug_line_end)
 .debug_line    0x0000000000000000       0x1a /usr/lib/gcc/avr/5.4.0/../../../avr/lib/avr51/crtat90usb1286.o
 .debug_line    0x000000000000001a      0x4b4 obj/Controller.o
 .debug_line    0x00000000000004ce      0x1e7 obj/Descriptors.o
 .debug_line    0x00000000000006b5     0x1409 obj/EndpointStream_AVR8.o
 .debug_line    0x0000000000001abe      0x469 obj/Endpoint_AVR8.o
 .debug_line    0x0000000000001f27      0x2d6 obj/USBController_AVR8.o
 .debug_line    0x00000000000021fd      0x443 obj/USBInterrupt_AVR8.o
 .debug_line    0x0000000000002640      0x461 obj/DeviceStandardReq.o
 .debug_line    0x0000000000002aa1       0x53 obj/Events.o
 .debug_line    0x0000000000002af4      0x157 obj/USBTask.o

.debug_frame    0x0000000000000000      0x66c
 *(.debug_frame)
 .debug_frame   0x0000000000000000       0xa4 obj/Controller.o
 .debug_frame   0x00000000000000a4       0x24 obj/Descriptors.o
 .debug_frame   0x00000000000000c8      0x3bc obj/EndpointStream_AVR8.o
 .debug_frame   0x0000000000000484       0x78 obj/Endpoint_AVR8.o
 .debug_frame   0x00000000000004fc       0x58 obj/USBController_AVR8.o
 .debug_frame   0x0000000000000554       0x8c obj/USBInterrupt_AVR8.o
 .debug_frame   0x00000000000005e0       0x3c obj/DeviceStandardReq.o
 .debug_frame   0x000000000000061c       0x24 obj/Events.o
 .debug_frame   0x0000000000000640       0x2c obj/USBTask.o

.debug_str      0x0000000000000000     0x21f3
 *(.debug_str)
 .debug_str     0x0000000000000000      0x349 /usr/lib/gcc/avr/5.4.0/../../../avr/lib/avr51/crtat90usb1286.o
 .debug_str     0x0000000000000349      0x7a8 obj/Controller.o
                                        0x80b (size before relaxing)
 .debug_str     0x0000000000000af1      0x75c obj/Descriptors.o
                                        0x95a (size before relaxing)
 .debug_str     0x000000000000124d      0x470 obj/EndpointStream_AVR8.o
                                        0x87f (size before relaxing)
 .debug_str     0x00000000000016bd      0x26c obj/Endpoint_AVR8.o
                                        0x633 (size before relaxing)
 .debug_str     0x0000000000001929      0x28e obj/USBController_AVR8.o
                                        0x572 (size before relaxing)
 .debug_str     0x0000000000001bb7      0x168 obj/USBInterrupt_AVR8.o
                                        0x547 (size before relaxing)
 .debug_str     0x0000000000001d1f      0x440 obj/DeviceStandardReq.o
                                        0x9e5 (size before relaxing)
 .debug_str     0x000000000000215f       0x35 obj/Events.o
                                        0x1b7 (size before relaxing)
 .debug_str     0x0000000000002194       0x5f obj/USBTask.o
                                        0x398 (size before relaxing)

.debug_loc      0x0000000000000000     0x2d69
 *(.debug_loc)
 .debug_loc     0x0000000000000000      0x139 obj/Controller.o
 .debug_loc     0x0000000000000139      0x24b obj/Descriptors.o
 .debug_loc     0x0000000000000384     0x1f97 obj/EndpointStream_AVR8.o
 .debug_loc     0x000000000000231b      0x38d obj/Endpoint_AVR8.o
 .debug_loc     0x00000000000026a8       0xd6 obj/USBController_AVR8.o
 .debug_loc     0x000000000000277e      0x2ac obj/USBInterrupt_AVR8.o
 .debug_loc     0x0000000000002a2a      0x2f6 obj/DeviceStandardReq.o
 .debug_loc     0x0000000000002d20       0x49 obj/USBTask.o

.debug_macinfo
 *(.debug_macinfo)

.debug_weaknames
 *(.debug_weaknames)

.debug_funcnames
 *(.debug_funcnames)

.debug_typenames
 *(.debug_typenames)

.debug_varnames
 *(.debug_varnames)

.debug_pubtypes
 *(.debug_pubtypes)

.debug_ranges   0x0000000000000000      0x358
 *(.debug_ranges)
 .debug_ranges  0x0000000000000000       0x38 obj/Controller.o
 .debug_ranges  0x0000000000000038       0x28 obj/Descriptors.o
 .debug_ranges  0x0000000000000060      0x1f8 obj/EndpointStream_AVR8.o
 .debug_ranges  0x0000000000000258       0x78 obj/Endpoint_AVR8.o
 .debug_ranges  0x00000000000002d0       0x20 obj/USBController_AVR8.o
 .debug_ranges  0x00000000000002f0       0x20 obj/USBInterrupt_AVR8.o
 .debug_ranges  0x0000000000000310       0x28 obj/DeviceStandardReq.o
 .debug_ranges  0x0000000000000338       0x10 obj/Events.o
 .debug_ranges  0x0000000000000348       0x10 obj/USBTask.o

.debug_macro
 *(.debug_macro)
OUTPUT(Controller.elf elf32-avr)
LOAD linker stubs

Cross Reference Table

Symbol                                            File
CALLBACK_HIDParser_FilterHIDReportItem            obj/HIDParser.o
CALLBACK_USB_GetDescriptor                        obj/Descriptors.o
                                                  obj/DeviceStandardReq.o
ConfigurationDescriptor                           obj/Descriptors.o
DeviceDescriptor                                  obj/Descriptors.o
EVENT_USB_Device_ConfigurationChanged             obj/Controller.o
                                                  obj/DeviceStandardReq.o
EVENT_USB_Device_Connect                          obj/Controller.o
                                                  obj/USBInterrupt_AVR8.o
EVENT_USB_Device_ControlRequest                   obj/Controller.o
                                                  obj/DeviceStandardReq.o
EVENT_USB_Device_Disconnect                       obj/Controller.o
                                                  obj/USBInterrupt_AVR8.o
EVENT_USB_Device_Reset                            obj/Events.o
                                                  obj/USBInterrupt_AVR8.o
EVENT_USB_Device_StartOfFrame                     obj/Events.o
                                                  obj/USBInterrupt_AVR8.o
EVENT_USB_Device_Suspend                          obj/Events.o
                                                  obj/USBInterrupt_AVR8.o
EVENT_USB_Device_WakeUp                           obj/Events.o
                                                  obj/USBInterrupt_AVR8.o
Endpoint_ClearEndpoints                           obj/Endpoint_AVR8.o
Endpoint_ClearStatusStage                         obj/Endpoint_AVR8.o
                                                  obj/DeviceStandardReq.o
Endpoint_ConfigureEndpointTable                   obj/Endpoint_AVR8.o
Endpoint_ConfigureEndpoint_Prv                    obj/Endpoint_AVR8.o
                                                  obj/USBInterrupt_AVR8.o
                                                  obj/USBController_AVR8.o
                                                  obj/Controller.o
Endpoint_Discard_Stream                           obj/EndpointStream_AVR8.o
Endpoint_Null_Stream                              obj/EndpointStream_AVR8.o
Endpoint_Read_Control_EStream_BE                  obj/EndpointStream_AVR8.o
Endpoint_Read_Control_EStream_LE                  obj/EndpointStream_AVR8.o
Endpoint_Read_Control_Stream_BE                   obj/EndpointStream_AVR8.o
Endpoint_Read_Control_Stream_LE                   obj/EndpointStream_AVR8.o
Endpoint_Read_EStream_BE                          obj/EndpointStream_AVR8.o
Endpoint_Read_EStream_LE                          obj/EndpointStream_AVR8.o
Endpoint_Read_Stream_BE                           obj/EndpointStream_AVR8.o
Endpoint_Read_Stream_LE                           obj/EndpointStream_AVR8.o
                                                  obj/Controller.o
Endpoint_WaitUntilReady                           obj/Endpoint_AVR8.o
                                                  obj/EndpointStream_AVR8.o
Endpoint_Write_Control_EStream_BE                 obj/EndpointStream_AVR8.o
Endpoint_Write_Control_EStream_LE                 obj/EndpointStream_AVR8.o
Endpoint_Write_Control_PStream_BE                 obj/EndpointStream_AVR8.o
Endpoint_Write_Control_PStream_LE                 obj/EndpointStream_AVR8.o
                                                  obj/DeviceStandardReq.o
Endpoint_Write_Control_Stream_BE                  obj/EndpointStream_AVR8.o
Endpoint_Write_Control_Stream_LE                  obj/EndpointStream_AVR8.o
                                                  obj/DeviceStandardReq.o
Endpoint_Write_EStream_BE                         obj/EndpointStream_AVR8.o
Endpoint_Write_EStream_LE                         obj/EndpointStream_AVR8.o
Endpoint_Write_PStream_BE                         obj/EndpointStream_AVR8.o
Endpoint_Write_PStream_LE                         obj/EndpointStream_AVR8.o
Endpoint_Write_Stream_BE                          obj/EndpointStream_AVR8.o
Endpoint_Write_Stream_LE                          obj/EndpointStream_AVR8.o
                                                  obj/Controller.o
GetNextReport                                     obj/Controller.o
HID_Task                                          obj/Controller.o
JoystickReport                                    obj/Descriptors.o
LanguageString                                    obj/Descriptors.o
ManufacturerString                                obj/Descriptors.o
ProductString                                     obj/Descriptors.o
SetupHardware                                     obj/Controller.o
USB_ControlRequest                                obj/USBTask.o
                                                  obj/DeviceStandardReq.o
                                                  obj/Endpoint_AVR8.o
                                                  obj/EndpointStream_AVR8.o
USB_DeviceState                                   obj/USBTask.o
                                                  obj/DeviceStandardReq.o
                                                  obj/USBInterrupt_AVR8.o
                                                  obj/USBController_AVR8.o
                                                  obj/Endpoint_AVR8.o
                                                  obj/EndpointStream_AVR8.o
                                                  obj/Controller.o
USB_Device_ConfigurationNumber                    obj/DeviceStandardReq.o
                                                  obj/USBInterrupt_AVR8.o
                                                  obj/USBController_AVR8.o
USB_Device_CurrentlySelfPowered                   obj/DeviceStandardReq.o
                                                  obj/USBController_AVR8.o
USB_Device_ProcessControlRequest                  obj/DeviceStandardReq.o
                                                  obj/USBTask.o
USB_Device_RemoteWakeupEnabled                    obj/DeviceStandardReq.o
                                                  obj/USBController_AVR8.o
USB_Device_SendRemoteWakeup                       obj/Device_AVR8.o
USB_Disable                                       obj/USBController_AVR8.o
USB_Event_Stub                                    obj/Events.o
USB_GetHIDReportItemInfo                          obj/HIDParser.o
USB_GetHIDReportSize                              obj/HIDParser.o
USB_GetNextDescriptorComp                         obj/ConfigDescriptors.o
USB_GetNextDescriptorOfType                       obj/ConfigDescriptors.o
USB_GetNextDescriptorOfTypeAfter                  obj/ConfigDescriptors.o
USB_GetNextDescriptorOfTypeBefore                 obj/ConfigDescriptors.o
USB_INT_ClearAllInterrupts                        obj/USBInterrupt_AVR8.o
                                                  obj/USBController_AVR8.o
USB_INT_DisableAllInterrupts                      obj/USBInterrupt_AVR8.o
                                                  obj/USBController_AVR8.o
USB_Init                                          obj/USBController_AVR8.o
                                                  obj/Controller.o
USB_IsInitialized                                 obj/USBTask.o
                                                  obj/USBController_AVR8.o
USB_ProcessHIDReport                              obj/HIDParser.o
USB_ResetInterface                                obj/USBController_AVR8.o
USB_SetHIDReportItemInfo                          obj/HIDParser.o
USB_USBTask                                       obj/USBTask.o
                                                  obj/EndpointStream_AVR8.o
                                                  obj/Controller.o
__FUSE_REGION_LENGTH__                            /usr/lib/gcc/avr/5.4.0/../../../avr/lib/avr51/crtat90usb1286.o
__bad_interrupt                                   /usr/lib/gcc/avr/5.4.0/../../../avr/lib/avr51/crtat90usb1286.o
__bss_end                                         /usr/lib/gcc/avr/5.4.0/avr51/libgcc.a(_clear_bss.o)
__bss_start                                       /usr/lib/gcc/avr/5.4.0/avr51/libgcc.a(_clear_bss.o)
__data_end                                        /usr/lib/gcc/avr/5.4.0/avr51/libgcc.a(_copy_data.o)
__data_load_start                                 /usr/lib/gcc/avr/5.4.0/avr51/libgcc.a(_copy_data.o)
__data_start                                      /usr/lib/gcc/avr/5.4.0/avr51/libgcc.a(_copy_data.o)
__do_clear_bss                                    /usr/lib/gcc/avr/5.4.0/avr51/libgcc.a(_clear_bss.o)
                                                  obj/USBTask.o
                                                  obj/DeviceStandardReq.o
                                                  obj/Controller.o
__do_copy_data                                    /usr/lib/gcc/avr/5.4.0/avr51/libgcc.a(_copy_data.o)
                                                  obj/Controller.o
__heap_end                                        /usr/lib/gcc/avr/5.4.0/../../../avr/lib/avr51/crtat90usb1286.o
__init                                            /usr/lib/gcc/avr/5.4.0/../../../avr/lib/avr51/crtat90usb1286.o
__stack                                           /usr/lib/gcc/avr/5.4.0/../../../avr/lib/avr51/crtat90usb1286.o
__vector_1                                        /usr/lib/gcc/avr/5.4.0/../../../avr/lib/avr51/crtat90usb1286.o
__vector_10                                       obj/USBInterrupt_AVR8.o
                                                  /usr/lib/gcc/avr/5.4.0/../../../avr/lib/avr51/crtat90usb1286.o
__vector_11                                       /usr/lib/gcc/avr/5.4.0/../../../avr/lib/avr51/crtat90usb1286.o
__vector_12                                       /usr/lib/gcc/avr/5.4.0/../../../avr/lib/avr51/crtat90usb1286.o
__vector_13                                       /usr/lib/gcc/avr/5.4.0/../../../avr/lib/avr51/crtat90usb1286.o
__vector_14                                       /usr/lib/gcc/avr/5.4.0/../../../avr/lib/avr51/crtat90usb1286.o
__vector_15                                       /usr/lib/gcc/avr/5.4.0/../../../avr/lib/avr51/crtat90usb1286.o
__vector_16                                       /usr/lib/gcc/avr/5.4.0/../../../avr/lib/avr51/crtat90usb1286.o
__vector_17                                       /usr/lib/gcc/avr/5.4.0/../../../avr/lib/avr51/crtat90usb1286.o
__vector_18                                       /usr/lib/gcc/avr/5.4.0/../../../avr/lib/avr51/crtat90usb1286.o
__vector_19                                       /usr/lib/gcc/avr/5.4.0/../../../avr/lib/avr51/crtat90usb1286.o
__vector_2                                        /usr/lib/gcc/avr/5.4.0/../../../avr/lib/avr51/crtat90usb1286.o
__vector_20                                       /usr/lib/gcc/avr/5.4.0/../../../avr/lib/avr51/crtat90usb1286.o
__vector_21                                       /usr/lib/gcc/avr/5.4.0/../../../avr/lib/avr51/crtat90usb1286.o
__vector_22                                       /usr/lib/gcc/avr/5.4.0/../../../avr/lib/avr51/crtat90usb1286.o
__vector_23                                       /usr/lib/gcc/avr/5.4.0/../../../avr/lib/avr51/crtat90usb1286.o
__vector_24                                       /usr/lib/gcc/avr/5.4.0/../../../avr/lib/avr51/crtat90usb1286.o
__vector_25                                       /usr/lib/gcc/avr/5.4.0/../../../avr/lib/avr51/crtat90usb1286.o
__vector_26                                       /usr/lib/gcc/avr/5.4.0/../../../avr/lib/avr51/crtat90usb1286.o
__vector_27                                       /usr/lib/gcc/avr/5.4.0/../../../avr/lib/avr51/crtat90usb1286.o
__vector_28                                       /usr/lib/gcc/avr/5.4.0/../../../avr/lib/avr51/crtat90usb1286.o
__vector_29                                       /usr/lib/gcc/avr/5.4.0/../../../avr/lib/avr51/crtat90usb1286.o
__vector_3                                        /usr/lib/gcc/avr/5.4.0/../../../avr/lib/avr51/crtat90usb1286.o
__vector_30                                       /usr/lib/gcc/avr/5.4.0/../../../avr/lib/avr51/crtat90usb1286.o
__vector_31                                       /usr/lib/gcc/avr/5.4.0/../../../avr/lib/avr51/crtat90usb1286.o
__vector_32                                       /usr/lib/gcc/avr/5.4.0/../../../avr/lib/avr51/crtat90usb1286.o
__vector_33                                       /usr/lib/gcc/avr/5.4.0/../../../avr/lib/avr51/crtat90usb1286.o
__vector_34                                       /usr/lib/gcc/avr/5.4.0/../../../avr/lib/avr51/crtat90usb1286.o
__vector_35                                       /usr/lib/gcc/avr/5.4.0/../../../avr/lib/avr51/crtat90usb1286.o
__vector_36                                       /usr/lib/gcc/avr/5.4.0/../../../avr/lib/avr51/crtat90usb1286.o
__vector_37                                       /usr/lib/gcc/avr/5.4.0/../../../avr/lib/avr51/crtat90usb1286.o
__vector_4                                        /usr/lib/gcc/avr/5.4.0/../../../avr/lib/avr51/crtat90usb1286.o
__vector_5                                        /usr/lib/gcc/avr/5.4.0/../../../avr/lib/avr51/crtat90usb1286.o
__vector_6                                        /usr/lib/gcc/avr/5.4.0/../../../avr/lib/avr51/crtat90usb1286.o
__vector_7                                        /usr/lib/gcc/avr/5.4.0/../../../avr/lib/avr51/crtat90usb1286.o
__vector_8                                        /usr/lib/gcc/avr/5.4.0/../../../avr/lib/avr51/crtat90usb1286.o
__vector_9                                        /usr/lib/gcc/avr/5.4.0/../../../avr/lib/avr51/crtat90usb1286.o
__vector_default                                  /usr/lib/gcc/avr/5.4.0/../../../avr/lib/avr51/crtat90usb1286.o
__vectors                                         /usr/lib/gcc/avr/5.4.0/../../../avr/lib/avr51/crtat90usb1286.o
_exit                                             /usr/lib/gcc/avr/5.4.0/avr51/libgcc.a(_exit.o)
bufindex                                          obj/Controller.o
duration_count                                    obj/Controller.o
echoes                                            obj/Controller.o
eeprom_read_byte                                  /usr/lib/gcc/avr/5.4.0/../../../avr/lib/avr51/libat90usb1286.a(eerd_byte.o)
                                                  obj/EndpointStream_AVR8.o
eeprom_update_byte                                /usr/lib/gcc/avr/5.4.0/../../../avr/lib/avr51/libat90usb1286.a(eeupd_byte.o)
                                                  obj/EndpointStream_AVR8.o
eeprom_update_r18                                 /usr/lib/gcc/avr/5.4.0/../../../avr/lib/avr51/libat90usb1286.a(eeupd_byte.o)
exit                                              /usr/lib/gcc/avr/5.4.0/avr51/libgcc.a(_exit.o)
                                                  /usr/lib/gcc/avr/5.4.0/../../../avr/lib/avr51/crtat90usb1286.o
last_report                                       obj/Controller.o
main                                              obj/Controller.o
                                                  /usr/lib/gcc/avr/5.4.0/../../../avr/lib/avr51/crtat90usb1286.o
portsval                                          obj/Controller.o
report_count                                      obj/Controller.o
state                                             obj/Controller.o
xpos                                              obj/Controller.o
ypos                                              obj/Controller.o
